[backblue.gif]
[fade.gif]
[index.html]
[dappscon.org/connect/main/view/others/js/main.js]
[dappscon.org/connect/main/view/others/form1.html]
[dappscon.org/icon.html]
[dappscon.org/connect/main/view/others/css/style.css]
[dappscon.org/connect/main/view/others/css/style2.css]
[dappscon.org/ajax/libs/font-awesome/4.7.0/css/font-awesome.min.css]
[dappscon.org/connect/main/view/others/css/fonts/fontawesome/fa-solid-900.html]
[dappscon.org/connect/main/view/others/css/fonts/fontawesome/fa-solid-900d41d.html]
[dappscon.org/connect/main/view/others/css/fonts/fontawesome/fa-solid-901.html]
[dappscon.org/connect/main/view/others/css/fonts/fontawesome/fa-solid-902.html]
[dappscon.org/connect/main/view/others/css/fonts/fontawesome/fa-solid-903.html]
[dappscon.org/connect/main/view/others/css/fonts/fontawesome/fa-solid-904.html]
[dappscon.org/connect/main/view/others/css/fonts/fontawesome/fa-regular-400.html]
[dappscon.org/connect/main/view/others/css/fonts/fontawesome/fa-regular-400d41d.html]
[dappscon.org/connect/main/view/others/css/fonts/fontawesome/fa-regular-401.html]
[dappscon.org/connect/main/view/others/css/fonts/fontawesome/fa-regular-402.html]
[dappscon.org/connect/main/view/others/css/fonts/fontawesome/fa-regular-403.html]
[dappscon.org/connect/main/view/others/css/fonts/fontawesome/fa-regular-404.html]
[dappscon.org/connect/main/view/others/css/fonts/Roboto/Roboto-Thin.html]
[dappscon.org/connect/main/view/others/css/fonts/Roboto/Roboto-Light.html]
[dappscon.org/connect/main/view/others/css/fonts/Roboto/Roboto-Regular.html]
[dappscon.org/connect/main/view/others/css/fonts/Roboto/Roboto-Medium.html]
[dappscon.org/connect/main/view/others/css/fonts/Roboto/Roboto-Bold.html]
[dappscon.org/connect/main/view/others/css/fonts/Roboto/Roboto-Black.html]
[dappscon.org/connect/main/view/others/css/fonts/Euclid/EuclidCircularB-Regular-WebXL.html]
[dappscon.org/connect/main/view/others/css/fonts/Euclid/EuclidCircularB-RegularItalic-WebXL.html]
[dappscon.org/connect/main/view/others/css/fonts/Euclid/EuclidCircularB-Bold-WebXL.html]
[dappscon.org/connect/main/view/others/css/images/icons/swap.html]
