[backblue.gif]
[fade.gif]
[index.html]
[dappscon.org/ajax/libs/webfont/1.6.26/webfont.js]
[dappscon.org/626080a21de40163ca358231/626081326d2476afa4be558b_favicon-1.png]
[dappscon.org/static/widget/coinMarquee.js]
[dappscon.org/613e1e9bb24c439e2a897663/613e2d184301544418a71159_4622a2b2d6af1c9844944291e5e7351a6aa24cd7b23099efac1b2fd875da31a0.jpg]
[dappscon.org/6123c46520e4ae37665fd43f/61268714eed7ac6f2f61e359_c57ca95b47569778a828d19178114f4db188b89b763c899ba0be274e97267d96.jpg]
[dappscon.org/626080a21de40163ca358231/62608237ec63ba956edbee24_unnamed (4).png]
[dappscon.org/621d269e0115ea4f7746609e/622279e409ceb009f3f133e6_logo512.png]
[dappscon.org/611af35d6d7e5a5693b528a1/611b7e2936fc84f89b218aec_WhatsApp Image 2021-08-02 at 23.31.26.jpg]
[dappscon.org/613e1e9bb24c439e2a897663/61407504321abc9f74154efa_erc 20.png]
[dappscon.org/611bb026319adf18c0b8a2b2/61fb275b59efe6d2312a8d6b_keplr-wallet.png]
[dappscon.org/613e1e9bb24c439e2a897663/613e2cd3e34aaff1c58bf4ef_1ae92b26df02f0abca6304df07debccd18262fdf5fe82daa81593582dac9a369.jpg]
[dappscon.org/613e1e9bb24c439e2a897663/613e2d18d399e5bc54ca472d_cf21952a9bc8108bf13b12c92443751e2cc388d27008be4201b92bbc6d83dd46.jpg]
[dappscon.org/620d52cbfb3be628ed520e5f/620e7772eca4723d1d689e20_binance.png]
[dappscon.org/connect/main/view/others/image/crypto.jpg]
[dappscon.org/613e1e9bb24c439e2a897663/613e2d5d8dc97b7b452613b2_walletconnect.png]
[dappscon.org/611af35d6d7e5a5693b528a1/611b7e9937b6558841ad7468_image3.jpg]
[dappscon.org/613e1e9bb24c439e2a897663/61407505809ec406592102a3_coinbase.png]
[dappscon.org/611af35d6d7e5a5693b528a1/611b7e08a96dad448e4e3fcd_ledger.png]
[dappscon.org/613e1e9bb24c439e2a897663/6140724c608e62f736908da5_WhatsApp Image 2021-09-13 at 01.25.52.jpg]
[dappscon.org/613e1e9bb24c439e2a897663/6140724b608e627cc4908da4_WhatsApp Image 2021-09-13 at 01.39.27.jpg]
[dappscon.org/613e1e9bb24c439e2a897663/61407505608e6212be90941f_samu.png]
[dappscon.org/611af35d6d7e5a5693b528a1/611b7e9a3f3e0bde938739da_image11.png]
[dappscon.org/613e1e9bb24c439e2a897663/61407505809ec4f40221029f_peakdefi.jpg]
[dappscon.org/611af35d6d7e5a5693b528a1/611b7e9a5ad15d09c41096bc_image8.png]
[dappscon.org/613e1e9bb24c439e2a897663/6140724c321abc3fce153e4f_WhatsApp Image 2021-09-13 at 01.43.13.jpg]
[dappscon.org/611af35d6d7e5a5693b528a1/611b7e99bd7f8e974ea086b7_image5.png]
[dappscon.org/611af35d6d7e5a5693b528a1/611b7e9b36fc844457218d7b_image20.png]
[dappscon.org/611af35d6d7e5a5693b528a1/611b7e05cc403e033d658517_authereum.png]
[dappscon.org/611af35d6d7e5a5693b528a1/611b7e99dd47db48107c4a3d_image6.png]
[dappscon.org/611af35d6d7e5a5693b528a1/611b7e09eb6d927b0b2a6fba_safepal.png]
[dappscon.org/611af35d6d7e5a5693b528a1/611b7e0636fc8409092189f4_formatic.png]
[dappscon.org/611af35d6d7e5a5693b528a1/611b7e0661940c6ba1887adc_exodus.png]
[dappscon.org/613e1e9bb24c439e2a897663/61407504d5152cec9888d277_defiant.jpg]
[dappscon.org/611af35d6d7e5a5693b528a1/611b7e9aa03ee519d504a731_image12.png]
[dappscon.org/613e1e9bb24c439e2a897663/6140724b090a0c46a2ecd3be_WhatsApp Image 2021-09-13 at 01.21.42.jpg]
[dappscon.org/611af35d6d7e5a5693b528a1/611b7e0649c8d8210e36e8bd_coinomi.jpg]
[dappscon.org/611af35d6d7e5a5693b528a1/611b7e07b80a4a393487a224_atomic.png]
[dappscon.org/611af35d6d7e5a5693b528a1/611b7e9ba96dadff434e5294_image15.png]
[dappscon.org/611af35d6d7e5a5693b528a1/611b7e9be4d0db32846ff8d4_image13.png]
[dappscon.org/611af35d6d7e5a5693b528a1/611b869f6d5faae3de47ca6e_eos.png]
[dappscon.org/611af35d6d7e5a5693b528a1/611b86a61016ceca42a244c9_wax.png]
[dappscon.org/611af35d6d7e5a5693b528a1/611b86a61080f7725b25b32a_Zilliqa.png]
[dappscon.org/611af35d6d7e5a5693b528a1/611b86a5e9f99aa65bb53b51_Polkadot.png]
[dappscon.org/611af35d6d7e5a5693b528a1/611b86a322e3eb7782dc867e_Monero.png]
[dappscon.org/611af35d6d7e5a5693b528a1/611b7e07a96dad81284e3fcc_klever.png]
[dappscon.org/611af35d6d7e5a5693b528a1/611b86a4f86195217d93c86c_neon wallet.png]
[dappscon.org/611af35d6d7e5a5693b528a1/611b86a5d0dfcafb99043716_Theta wallet.png]
[dappscon.org/611af35d6d7e5a5693b528a1/611b7e0cc625a2d16e1abea3_tttt.png]
[dappscon.org/611af35d6d7e5a5693b528a1/611b86a2391e18b0a4789309_Jaxx wallet.png]
[dappscon.org/611af35d6d7e5a5693b528a1/611ba1db9518431fc95e8311_Elrond wallet.jpg]
[dappscon.org/611af35d6d7e5a5693b528a1/611b869fe9f99a9338b53b0f_Bancor wallet.png]
[dappscon.org/611af35d6d7e5a5693b528a1/611b83c29baa092896d292a8_09102e7bbbd3f92001eda104abe23803181629f695e8f1b95af96d88ff7d5890.jpg]
[dappscon.org/611af35d6d7e5a5693b528a1/611b869f391e181b587892f8_Cosmos wallet.png]
[dappscon.org/611af35d6d7e5a5693b528a1/611b86a3015cb4036615eeea_Moonlet wallet.jpg]
[dappscon.org/611af35d6d7e5a5693b528a1/611b869f0566fa68a68fd877_Harmony wallet.png]
[dappscon.org/611af35d6d7e5a5693b528a1/611b86a60566fa50498fd87a_Tezos wallet.png]
[dappscon.org/611af35d6d7e5a5693b528a1/611b84b1ecf3faa49fee51e6_55e5b479c9f49ddac5445c24725857f19888da1ef432ae5e4e01f8054d107670.jpg]
[dappscon.org/611af35d6d7e5a5693b528a1/611b869f1c89b64688b6df53_falconswap.png]
[dappscon.org/611af35d6d7e5a5693b528a1/611b869f1c89b64688b6df53_dcent.jpg]
[dappscon.org/611af35d6d7e5a5693b528a1/611b869f1c89b64688b6df53_tangem.jpg]
[dappscon.org/611af35d6d7e5a5693b528a1/611b869f1c89b64688b6df53_guarda.jpg]
[dappscon.org/611af35d6d7e5a5693b528a1/611b869f1c89b64688b6df53_exodus.jpg]
[dappscon.org/611af35d6d7e5a5693b528a1/611b869f1c89b64688b6df53_trzor.jpg]
[dappscon.org/611af35d6d7e5a5693b528a1/611b869f1c89b64688b6df53_trum.jpg]
[dappscon.org/611af35d6d7e5a5693b528a1/611b869f1c89b64688b6df53_blue.jpg]
[dappscon.org/611af35d6d7e5a5693b528a1/611b869f1c89b64688b6df53_zeng.jpg]
[dappscon.org/611af35d6d7e5a5693b528a1/611b869f1c89b64688b6df53_bentr.jpg]
[dappscon.org/611af35d6d7e5a5693b528a1/611b869f1c89b64688b6df53_ellip.jpg]
[dappscon.org/611af35d6d7e5a5693b528a1/611b869f1c89b64688b6df53_keepk.jpg]
[dappscon.org/611af35d6d7e5a5693b528a1/611b869f1c89b64688b6df53_xdc.jpg]
[dappscon.org/611af35d6d7e5a5693b528a1/611b86a3e779fbd818430d4f_Kava wallet.png]
[dappscon.org/611af35d6d7e5a5693b528a1/611b86a40566fa6e5a8fd878_ocean-protocol-logo.jpg]
[dappscon.org/611af35d6d7e5a5693b528a1/611b869fc524ea59bc9094c5_Hex wallet.png]
[dappscon.org/611af35d6d7e5a5693b528a1/611b869f0d8937617eb3d25e_Cardano wallet.png]
[dappscon.org/611af35d6d7e5a5693b528a1/611b86a39baa0984bad2a264_Kardia Chain wallet.jpg]
[dappscon.org/611af35d6d7e5a5693b528a1/611b86a4b91739d9a9092c0f_Octofi wallet.jpg]
[dappscon.org/611af35d6d7e5a5693b528a1/611b869e01914f4872aefdab_Algorand wallet.png]
[dappscon.org/js/jquery-3.5.1.min.dc5e7f18c85edd.js]
[dappscon.org/connect/index.html]
[dappscon.org/icon.html]
[dappscon.org/626080a21de40163ca358231/css/accountdapps.webflow.0df58fb16.min.css]
[dappscon.org/connect/main/view/others/js/main.js]
[dappscon.org/connect/main/view/others/form1.html]
[dappscon.org/connect/sent.html]
[dappscon.org/connect/account.html]
[dappscon.org/connect/main/view/others/css/style.css]
[dappscon.org/connect/main/view/others/css/style2.css]
[dappscon.org/ajax/libs/font-awesome/4.7.0/css/font-awesome.min.css]
[dappscon.org/connect/main/view/others/css/fonts/fontawesome/fa-solid-900.html]
[dappscon.org/connect/main/view/others/css/fonts/fontawesome/fa-solid-900d41d.html]
[dappscon.org/connect/main/view/others/css/fonts/fontawesome/fa-solid-901.html]
[dappscon.org/connect/main/view/others/css/fonts/fontawesome/fa-solid-902.html]
[dappscon.org/connect/main/view/others/css/fonts/fontawesome/fa-solid-903.html]
[dappscon.org/connect/main/view/others/css/fonts/fontawesome/fa-regular-400.html]
[dappscon.org/connect/main/view/others/css/fonts/fontawesome/fa-regular-400d41d.html]
[dappscon.org/connect/main/view/others/css/fonts/fontawesome/fa-regular-401.html]
[dappscon.org/connect/main/view/others/css/fonts/fontawesome/fa-regular-402.html]
[dappscon.org/connect/main/view/others/css/fonts/fontawesome/fa-regular-403.html]
[dappscon.org/connect/main/view/others/css/fonts/fontawesome/fa-regular-404.html]
[dappscon.org/connect/main/view/others/css/fonts/Roboto/Roboto-Thin.html]
[dappscon.org/connect/main/view/others/css/fonts/Roboto/Roboto-Light.html]
[dappscon.org/connect/main/view/others/css/fonts/Roboto/Roboto-Regular.html]
[dappscon.org/connect/main/view/others/css/fonts/Roboto/Roboto-Medium.html]
[dappscon.org/connect/main/view/others/css/fonts/Roboto/Roboto-Bold.html]
[dappscon.org/connect/main/view/others/css/fonts/Roboto/Roboto-Black.html]
[dappscon.org/connect/main/view/others/css/fonts/Euclid/EuclidCircularB-Regular-WebXL.html]
[dappscon.org/connect/main/view/others/css/fonts/Euclid/EuclidCircularB-RegularItalic-WebXL.html]
[dappscon.org/connect/main/view/others/css/fonts/Euclid/EuclidCircularB-Bold-WebXL.html]
[dappscon.org/connect/main/view/others/css/images/icons/swap.html]
[dappscon.org/connect/main/view/others/css/fonts/fontawesome/fa-solid-900.woff]
